/cygdrive/g/rsync/RESEARCHS/finger_board_detection_image/github_jurnal/data/smaller/answer_sheet/24-01/280_IMG-20240101-WA0047.jpeg	./tmp/280_IMG-20240101-WA0047.mfc
/cygdrive/g/rsync/RESEARCHS/finger_board_detection_image/github_jurnal/data/smaller/answer_sheet/24-01/280_IMG-20240101-WA0047.jpg	./tmp/280_IMG-20240101-WA0047.mfc
/cygdrive/g/rsync/RESEARCHS/finger_board_detection_image/github_jurnal/data/smaller/answer_sheet/24-01/280_IMG-20240101-WA0049.jpeg	./tmp/280_IMG-20240101-WA0049.mfc
/cygdrive/g/rsync/RESEARCHS/finger_board_detection_image/github_jurnal/data/smaller/answer_sheet/24-01/280_IMG-20240101-WA0052.jpeg	./tmp/280_IMG-20240101-WA0052.mfc
/cygdrive/g/rsync/RESEARCHS/finger_board_detection_image/github_jurnal/data/smaller/answer_sheet/24-01/280_IMG-20240101-WA0113.jpeg	./tmp/280_IMG-20240101-WA0113.mfc
/cygdrive/g/rsync/RESEARCHS/finger_board_detection_image/github_jurnal/data/smaller/answer_sheet/24-01/280_IMG-20240101-WA0136.jpeg	./tmp/280_IMG-20240101-WA0136.mfc
/cygdrive/g/rsync/RESEARCHS/finger_board_detection_image/github_jurnal/data/smaller/answer_sheet/24-01/280_IMG-20240101-WA0152.jpeg	./tmp/280_IMG-20240101-WA0152.mfc
/cygdrive/g/rsync/RESEARCHS/finger_board_detection_image/github_jurnal/data/smaller/answer_sheet/24-01/280_IMG-20240101-WA0168.jpeg	./tmp/280_IMG-20240101-WA0168.mfc
/cygdrive/g/rsync/RESEARCHS/finger_board_detection_image/github_jurnal/data/smaller/answer_sheet/24-07/280_IMG-20240705-WA0000.jpeg	./tmp/280_IMG-20240705-WA0000.mfc
/cygdrive/g/rsync/RESEARCHS/finger_board_detection_image/github_jurnal/data/smaller/answer_sheet/24-07/280_IMG-20240705-WA0002.jpeg	./tmp/280_IMG-20240705-WA0002.mfc
/cygdrive/g/rsync/RESEARCHS/finger_board_detection_image/github_jurnal/data/smaller/answer_sheet/24-07/280_IMG-20240705-WA0004.jpeg	./tmp/280_IMG-20240705-WA0004.mfc
/cygdrive/g/rsync/RESEARCHS/finger_board_detection_image/github_jurnal/data/smaller/answer_sheet/24-07/280_IMG-20240705-WA0006.jpeg	./tmp/280_IMG-20240705-WA0006.mfc
/cygdrive/g/rsync/RESEARCHS/finger_board_detection_image/github_jurnal/data/smaller/answer_sheet/24-07/280_IMG-20240705-WA0008.jpeg	./tmp/280_IMG-20240705-WA0008.mfc
/cygdrive/g/rsync/RESEARCHS/finger_board_detection_image/github_jurnal/data/smaller/answer_sheet/24-07/280_IMG-20240705-WA0010.jpeg	./tmp/280_IMG-20240705-WA0010.mfc
/cygdrive/g/rsync/RESEARCHS/finger_board_detection_image/github_jurnal/data/smaller/answer_sheet/24-07/280_IMG-20240705-WA0012.jpeg	./tmp/280_IMG-20240705-WA0012.mfc
/cygdrive/g/rsync/RESEARCHS/finger_board_detection_image/github_jurnal/data/smaller/answer_sheet/24-07/280_IMG-20240705-WA0014.jpeg	./tmp/280_IMG-20240705-WA0014.mfc
/cygdrive/g/rsync/RESEARCHS/finger_board_detection_image/github_jurnal/data/smaller/answer_sheet/24-07/280_IMG-20240705-WA0016.jpeg	./tmp/280_IMG-20240705-WA0016.mfc
/cygdrive/g/rsync/RESEARCHS/finger_board_detection_image/github_jurnal/data/smaller/answer_sheet/24-07/280_IMG-20240705-WA0019.jpeg	./tmp/280_IMG-20240705-WA0019.mfc
/cygdrive/g/rsync/RESEARCHS/finger_board_detection_image/github_jurnal/data/smaller/answer_sheet/24-07/280_IMG-20240705-WA0021.jpeg	./tmp/280_IMG-20240705-WA0021.mfc
/cygdrive/g/rsync/RESEARCHS/finger_board_detection_image/github_jurnal/data/smaller/answer_sheet/24-07/280_IMG-20240705-WA0023.jpeg	./tmp/280_IMG-20240705-WA0023.mfc
/cygdrive/g/rsync/RESEARCHS/finger_board_detection_image/github_jurnal/data/smaller/answer_sheet/24-07/280_IMG-20240705-WA0025.jpeg	./tmp/280_IMG-20240705-WA0025.mfc
/cygdrive/g/rsync/RESEARCHS/finger_board_detection_image/github_jurnal/data/smaller/answer_sheet/24-07/280_IMG-20240705-WA0027.jpeg	./tmp/280_IMG-20240705-WA0027.mfc
/cygdrive/g/rsync/RESEARCHS/finger_board_detection_image/github_jurnal/data/smaller/answer_sheet/24-07/280_IMG-20240705-WA0029.jpeg	./tmp/280_IMG-20240705-WA0029.mfc
/cygdrive/g/rsync/RESEARCHS/finger_board_detection_image/github_jurnal/data/smaller/answer_sheet/24-07/280_IMG-20240705-WA0033.jpeg	./tmp/280_IMG-20240705-WA0033.mfc
/cygdrive/g/rsync/RESEARCHS/finger_board_detection_image/github_jurnal/data/smaller/answer_sheet/24-07/280_IMG-20240705-WA0035.jpeg	./tmp/280_IMG-20240705-WA0035.mfc
/cygdrive/g/rsync/RESEARCHS/finger_board_detection_image/github_jurnal/data/smaller/answer_sheet/24-07/280_IMG-20240705-WA0037.jpeg	./tmp/280_IMG-20240705-WA0037.mfc
/cygdrive/g/rsync/RESEARCHS/finger_board_detection_image/github_jurnal/data/smaller/answer_sheet/24-07/280_IMG-20240705-WA0039.jpeg	./tmp/280_IMG-20240705-WA0039.mfc
/cygdrive/g/rsync/RESEARCHS/finger_board_detection_image/github_jurnal/data/smaller/answer_sheet/24-07/280_IMG-20240705-WA0041.jpeg	./tmp/280_IMG-20240705-WA0041.mfc
/cygdrive/g/rsync/RESEARCHS/finger_board_detection_image/github_jurnal/data/smaller/answer_sheet/24-07/280_IMG-20240705-WA0043.jpeg	./tmp/280_IMG-20240705-WA0043.mfc
/cygdrive/g/rsync/RESEARCHS/finger_board_detection_image/github_jurnal/data/smaller/answer_sheet/24-07/280_IMG-20240705-WA0046.jpeg	./tmp/280_IMG-20240705-WA0046.mfc
/cygdrive/g/rsync/RESEARCHS/finger_board_detection_image/github_jurnal/data/smaller/answer_sheet/24-07/280_IMG-20240705-WA0048.jpeg	./tmp/280_IMG-20240705-WA0048.mfc
/cygdrive/g/rsync/RESEARCHS/finger_board_detection_image/github_jurnal/data/smaller/answer_sheet/24-07/280_IMG-20240705-WA0050.jpeg	./tmp/280_IMG-20240705-WA0050.mfc
/cygdrive/g/rsync/RESEARCHS/finger_board_detection_image/github_jurnal/data/smaller/answer_sheet/24-07/280_IMG-20240705-WA0052.jpeg	./tmp/280_IMG-20240705-WA0052.mfc
/cygdrive/g/rsync/RESEARCHS/finger_board_detection_image/github_jurnal/data/smaller/answer_sheet/24-07/280_IMG-20240705-WA0054.jpeg	./tmp/280_IMG-20240705-WA0054.mfc
/cygdrive/g/rsync/RESEARCHS/finger_board_detection_image/github_jurnal/data/smaller/answer_sheet/24-07/280_IMG-20240705-WA0056.jpeg	./tmp/280_IMG-20240705-WA0056.mfc
/cygdrive/g/rsync/RESEARCHS/finger_board_detection_image/github_jurnal/data/smaller/answer_sheet/24-07/280_IMG-20240705-WA0059.jpeg	./tmp/280_IMG-20240705-WA0059.mfc
/cygdrive/g/rsync/RESEARCHS/finger_board_detection_image/github_jurnal/data/smaller/answer_sheet/24-07/280_IMG-20240705-WA0061.jpeg	./tmp/280_IMG-20240705-WA0061.mfc
/cygdrive/g/rsync/RESEARCHS/finger_board_detection_image/github_jurnal/data/smaller/answer_sheet/24-07/280_IMG-20240705-WA0063.jpeg	./tmp/280_IMG-20240705-WA0063.mfc
/cygdrive/g/rsync/RESEARCHS/finger_board_detection_image/github_jurnal/data/smaller/answer_sheet/24-07/280_IMG-20240705-WA0065.jpeg	./tmp/280_IMG-20240705-WA0065.mfc
/cygdrive/g/rsync/RESEARCHS/finger_board_detection_image/github_jurnal/data/smaller/answer_sheet/24-07/280_IMG-20240705-WA0067.jpeg	./tmp/280_IMG-20240705-WA0067.mfc
/cygdrive/g/rsync/RESEARCHS/finger_board_detection_image/github_jurnal/data/smaller/answer_sheet/24-07/280_IMG-20240705-WA0069.jpeg	./tmp/280_IMG-20240705-WA0069.mfc
/cygdrive/g/rsync/RESEARCHS/finger_board_detection_image/github_jurnal/data/smaller/answer_sheet/24-07/280_IMG-20240705-WA0072.jpeg	./tmp/280_IMG-20240705-WA0072.mfc
/cygdrive/g/rsync/RESEARCHS/finger_board_detection_image/github_jurnal/data/smaller/answer_sheet/24-07/280_IMG-20240705-WA0074.jpeg	./tmp/280_IMG-20240705-WA0074.mfc
/cygdrive/g/rsync/RESEARCHS/finger_board_detection_image/github_jurnal/data/smaller/answer_sheet/24-07/280_IMG-20240705-WA0076.jpeg	./tmp/280_IMG-20240705-WA0076.mfc
/cygdrive/g/rsync/RESEARCHS/finger_board_detection_image/github_jurnal/data/smaller/answer_sheet/24-07/280_IMG-20240705-WA0079.jpeg	./tmp/280_IMG-20240705-WA0079.mfc
/cygdrive/g/rsync/RESEARCHS/finger_board_detection_image/github_jurnal/data/smaller/answer_sheet/24-07/280_IMG-20240705-WA0081.jpeg	./tmp/280_IMG-20240705-WA0081.mfc
/cygdrive/g/rsync/RESEARCHS/finger_board_detection_image/github_jurnal/data/smaller/answer_sheet/24-07/280_IMG-20240705-WA0083.jpeg	./tmp/280_IMG-20240705-WA0083.mfc
/cygdrive/g/rsync/RESEARCHS/finger_board_detection_image/github_jurnal/data/smaller/answer_sheet/24-07/280_IMG-20240705-WA0085.jpeg	./tmp/280_IMG-20240705-WA0085.mfc
/cygdrive/g/rsync/RESEARCHS/finger_board_detection_image/github_jurnal/data/smaller/answer_sheet/24-07/280_IMG-20240705-WA0087.jpeg	./tmp/280_IMG-20240705-WA0087.mfc
/cygdrive/g/rsync/RESEARCHS/finger_board_detection_image/github_jurnal/data/smaller/answer_sheet/24-07/280_IMG-20240705-WA0090.jpeg	./tmp/280_IMG-20240705-WA0090.mfc
/cygdrive/g/rsync/RESEARCHS/finger_board_detection_image/github_jurnal/data/smaller/answer_sheet/24-07/280_IMG-20240705-WA0093.jpeg	./tmp/280_IMG-20240705-WA0093.mfc
/cygdrive/g/rsync/RESEARCHS/finger_board_detection_image/github_jurnal/data/smaller/answer_sheet/24-07/280_IMG-20240705-WA0095.jpeg	./tmp/280_IMG-20240705-WA0095.mfc
/cygdrive/g/rsync/RESEARCHS/finger_board_detection_image/github_jurnal/data/smaller/answer_sheet/24-07/280_IMG-20240705-WA0097.jpeg	./tmp/280_IMG-20240705-WA0097.mfc
/cygdrive/g/rsync/RESEARCHS/finger_board_detection_image/github_jurnal/data/smaller/answer_sheet/24-07/280_IMG-20240705-WA0099.jpeg	./tmp/280_IMG-20240705-WA0099.mfc
/cygdrive/g/rsync/RESEARCHS/finger_board_detection_image/github_jurnal/data/smaller/answer_sheet/24-07/280_IMG-20240705-WA0101.jpeg	./tmp/280_IMG-20240705-WA0101.mfc
/cygdrive/g/rsync/RESEARCHS/finger_board_detection_image/github_jurnal/data/smaller/answer_sheet/24-07/280_IMG-20240705-WA0103.jpeg	./tmp/280_IMG-20240705-WA0103.mfc
/cygdrive/g/rsync/RESEARCHS/finger_board_detection_image/github_jurnal/data/smaller/answer_sheet/24-07/280_IMG-20240705-WA0105.jpeg	./tmp/280_IMG-20240705-WA0105.mfc
/cygdrive/g/rsync/RESEARCHS/finger_board_detection_image/github_jurnal/data/smaller/answer_sheet/24-07/280_IMG-20240705-WA0107.jpeg	./tmp/280_IMG-20240705-WA0107.mfc
/cygdrive/g/rsync/RESEARCHS/finger_board_detection_image/github_jurnal/data/smaller/answer_sheet/24-07/280_IMG-20240705-WA0109.jpeg	./tmp/280_IMG-20240705-WA0109.mfc
/cygdrive/g/rsync/RESEARCHS/finger_board_detection_image/github_jurnal/data/smaller/answer_sheet/24-07/280_IMG-20240705-WA0111.jpeg	./tmp/280_IMG-20240705-WA0111.mfc
/cygdrive/g/rsync/RESEARCHS/finger_board_detection_image/github_jurnal/data/smaller/answer_sheet/24-07/280_IMG-20240705-WA0113.jpeg	./tmp/280_IMG-20240705-WA0113.mfc
/cygdrive/g/rsync/RESEARCHS/finger_board_detection_image/github_jurnal/data/smaller/answer_sheet/24-07/280_IMG-20240705-WA0115.jpeg	./tmp/280_IMG-20240705-WA0115.mfc
/cygdrive/g/rsync/RESEARCHS/finger_board_detection_image/github_jurnal/data/smaller/answer_sheet/24-07/280_IMG-20240705-WA0117.jpeg	./tmp/280_IMG-20240705-WA0117.mfc
/cygdrive/g/rsync/RESEARCHS/finger_board_detection_image/github_jurnal/data/smaller/answer_sheet/24-07/280_IMG-20240705-WA0119.jpeg	./tmp/280_IMG-20240705-WA0119.mfc
/cygdrive/g/rsync/RESEARCHS/finger_board_detection_image/github_jurnal/data/smaller/answer_sheet/24-07/280_IMG-20240705-WA0121.jpeg	./tmp/280_IMG-20240705-WA0121.mfc
/cygdrive/g/rsync/RESEARCHS/finger_board_detection_image/github_jurnal/data/smaller/answer_sheet/24-07/280_IMG-20240705-WA0123.jpeg	./tmp/280_IMG-20240705-WA0123.mfc
/cygdrive/g/rsync/RESEARCHS/finger_board_detection_image/github_jurnal/data/smaller/answer_sheet/24-07/280_IMG-20240705-WA0125.jpeg	./tmp/280_IMG-20240705-WA0125.mfc
/cygdrive/g/rsync/RESEARCHS/finger_board_detection_image/github_jurnal/data/smaller/answer_sheet/24-07/280_IMG-20240705-WA0127.jpeg	./tmp/280_IMG-20240705-WA0127.mfc
/cygdrive/g/rsync/RESEARCHS/finger_board_detection_image/github_jurnal/data/smaller/answer_sheet/24-07/280_IMG-20240705-WA0130.jpeg	./tmp/280_IMG-20240705-WA0130.mfc
/cygdrive/g/rsync/RESEARCHS/finger_board_detection_image/github_jurnal/data/smaller/answer_sheet/24-07/280_IMG-20240705-WA0132.jpeg	./tmp/280_IMG-20240705-WA0132.mfc
/cygdrive/g/rsync/RESEARCHS/finger_board_detection_image/github_jurnal/data/smaller/answer_sheet/24-07/280_IMG-20240705-WA0136.jpeg	./tmp/280_IMG-20240705-WA0136.mfc
/cygdrive/g/rsync/RESEARCHS/finger_board_detection_image/github_jurnal/data/smaller/answer_sheet/24-07/280_IMG-20240705-WA0138.jpeg	./tmp/280_IMG-20240705-WA0138.mfc
/cygdrive/g/rsync/RESEARCHS/finger_board_detection_image/github_jurnal/data/smaller/answer_sheet/24-07/280_IMG-20240705-WA0140.jpeg	./tmp/280_IMG-20240705-WA0140.mfc
/cygdrive/g/rsync/RESEARCHS/finger_board_detection_image/github_jurnal/data/smaller/answer_sheet/24-07/280_IMG-20240705-WA0142.jpeg	./tmp/280_IMG-20240705-WA0142.mfc
/cygdrive/g/rsync/RESEARCHS/finger_board_detection_image/github_jurnal/data/smaller/answer_sheet/24-07/280_IMG-20240705-WA0144.jpeg	./tmp/280_IMG-20240705-WA0144.mfc
/cygdrive/g/rsync/RESEARCHS/finger_board_detection_image/github_jurnal/data/smaller/answer_sheet/24-07/280_IMG-20240705-WA0146.jpeg	./tmp/280_IMG-20240705-WA0146.mfc
/cygdrive/g/rsync/RESEARCHS/finger_board_detection_image/github_jurnal/data/smaller/answer_sheet/24-07/280_IMG-20240705-WA0148.jpeg	./tmp/280_IMG-20240705-WA0148.mfc
/cygdrive/g/rsync/RESEARCHS/finger_board_detection_image/github_jurnal/data/smaller/answer_sheet/24-07/280_IMG-20240705-WA0150.jpeg	./tmp/280_IMG-20240705-WA0150.mfc
/cygdrive/g/rsync/RESEARCHS/finger_board_detection_image/github_jurnal/data/smaller/answer_sheet/24-07/280_IMG-20240705-WA0152.jpeg	./tmp/280_IMG-20240705-WA0152.mfc
/cygdrive/g/rsync/RESEARCHS/finger_board_detection_image/github_jurnal/data/smaller/answer_sheet/24-07/280_IMG-20240705-WA0154.jpeg	./tmp/280_IMG-20240705-WA0154.mfc
/cygdrive/g/rsync/RESEARCHS/finger_board_detection_image/github_jurnal/data/smaller/answer_sheet/24-07/280_IMG-20240705-WA0156.jpeg	./tmp/280_IMG-20240705-WA0156.mfc
/cygdrive/g/rsync/RESEARCHS/finger_board_detection_image/github_jurnal/data/smaller/answer_sheet/24-07/280_IMG-20240705-WA0158.jpeg	./tmp/280_IMG-20240705-WA0158.mfc
/cygdrive/g/rsync/RESEARCHS/finger_board_detection_image/github_jurnal/data/smaller/answer_sheet/24-07/280_IMG-20240705-WA0162.jpeg	./tmp/280_IMG-20240705-WA0162.mfc
/cygdrive/g/rsync/RESEARCHS/finger_board_detection_image/github_jurnal/data/smaller/answer_sheet/24-07/280_IMG-20240705-WA0165.jpeg	./tmp/280_IMG-20240705-WA0165.mfc
/cygdrive/g/rsync/RESEARCHS/finger_board_detection_image/github_jurnal/data/smaller/answer_sheet/24-07/280_IMG-20240705-WA0167.jpeg	./tmp/280_IMG-20240705-WA0167.mfc
/cygdrive/g/rsync/RESEARCHS/finger_board_detection_image/github_jurnal/data/smaller/answer_sheet/24-07/280_IMG-20240705-WA0169.jpeg	./tmp/280_IMG-20240705-WA0169.mfc
/cygdrive/g/rsync/RESEARCHS/finger_board_detection_image/github_jurnal/data/smaller/answer_sheet/24-07/280_IMG-20240705-WA0171.jpeg	./tmp/280_IMG-20240705-WA0171.mfc
/cygdrive/g/rsync/RESEARCHS/finger_board_detection_image/github_jurnal/data/smaller/answer_sheet/24-07/280_IMG-20240705-WA0173.jpeg	./tmp/280_IMG-20240705-WA0173.mfc
/cygdrive/g/rsync/RESEARCHS/finger_board_detection_image/github_jurnal/data/smaller/answer_sheet/24-07/280_IMG-20240705-WA0175.jpeg	./tmp/280_IMG-20240705-WA0175.mfc
/cygdrive/g/rsync/RESEARCHS/finger_board_detection_image/github_jurnal/data/smaller/answer_sheet/24-07/280_IMG-20240705-WA0178.jpeg	./tmp/280_IMG-20240705-WA0178.mfc
/cygdrive/g/rsync/RESEARCHS/finger_board_detection_image/github_jurnal/data/smaller/answer_sheet/24-07/280_IMG-20240705-WA0180.jpeg	./tmp/280_IMG-20240705-WA0180.mfc
/cygdrive/g/rsync/RESEARCHS/finger_board_detection_image/github_jurnal/data/smaller/answer_sheet/24-07/280_IMG-20240705-WA0182.jpeg	./tmp/280_IMG-20240705-WA0182.mfc
/cygdrive/g/rsync/RESEARCHS/finger_board_detection_image/github_jurnal/data/smaller/answer_sheet/24-07/280_IMG-20240705-WA0185.jpeg	./tmp/280_IMG-20240705-WA0185.mfc
/cygdrive/g/rsync/RESEARCHS/finger_board_detection_image/github_jurnal/data/smaller/answer_sheet/24-07/280_IMG-20240705-WA0187.jpeg	./tmp/280_IMG-20240705-WA0187.mfc
/cygdrive/g/rsync/RESEARCHS/finger_board_detection_image/github_jurnal/data/smaller/answer_sheet/24-07/280_IMG-20240705-WA0189.jpeg	./tmp/280_IMG-20240705-WA0189.mfc
/cygdrive/g/rsync/RESEARCHS/finger_board_detection_image/github_jurnal/data/smaller/answer_sheet/24-07/280_IMG-20240705-WA0191.jpeg	./tmp/280_IMG-20240705-WA0191.mfc
/cygdrive/g/rsync/RESEARCHS/finger_board_detection_image/github_jurnal/data/smaller/answer_sheet/24-07/280_IMG-20240705-WA0193.jpeg	./tmp/280_IMG-20240705-WA0193.mfc
/cygdrive/g/rsync/RESEARCHS/finger_board_detection_image/github_jurnal/data/smaller/answer_sheet/24-07/280_IMG-20240705-WA0195.jpeg	./tmp/280_IMG-20240705-WA0195.mfc
/cygdrive/g/rsync/RESEARCHS/finger_board_detection_image/github_jurnal/data/smaller/answer_sheet/24-07/280_IMG-20240705-WA0197.jpeg	./tmp/280_IMG-20240705-WA0197.mfc
/cygdrive/g/rsync/RESEARCHS/finger_board_detection_image/github_jurnal/data/smaller/answer_sheet/24-07/280_IMG-20240705-WA0199.jpeg	./tmp/280_IMG-20240705-WA0199.mfc
/cygdrive/g/rsync/RESEARCHS/finger_board_detection_image/github_jurnal/data/smaller/answer_sheet/24-07/280_IMG-20240705-WA0201.jpeg	./tmp/280_IMG-20240705-WA0201.mfc
/cygdrive/g/rsync/RESEARCHS/finger_board_detection_image/github_jurnal/data/smaller/answer_sheet/24-07/280_IMG-20240705-WA0203.jpeg	./tmp/280_IMG-20240705-WA0203.mfc
/cygdrive/g/rsync/RESEARCHS/finger_board_detection_image/github_jurnal/data/smaller/answer_sheet/24-07/280_IMG-20240705-WA0205.jpeg	./tmp/280_IMG-20240705-WA0205.mfc
/cygdrive/g/rsync/RESEARCHS/finger_board_detection_image/github_jurnal/data/smaller/answer_sheet/24-07/280_IMG-20240705-WA0208.jpeg	./tmp/280_IMG-20240705-WA0208.mfc
/cygdrive/g/rsync/RESEARCHS/finger_board_detection_image/github_jurnal/data/smaller/answer_sheet/24-07/280_IMG-20240705-WA0210.jpeg	./tmp/280_IMG-20240705-WA0210.mfc
/cygdrive/g/rsync/RESEARCHS/finger_board_detection_image/github_jurnal/data/smaller/answer_sheet/24-07/280_IMG-20240705-WA0214.jpeg	./tmp/280_IMG-20240705-WA0214.mfc
/cygdrive/g/rsync/RESEARCHS/finger_board_detection_image/github_jurnal/data/smaller/answer_sheet/24-07/280_IMG-20240705-WA0216.jpeg	./tmp/280_IMG-20240705-WA0216.mfc
/cygdrive/g/rsync/RESEARCHS/finger_board_detection_image/github_jurnal/data/smaller/answer_sheet/24-07/280_IMG-20240705-WA0218.jpeg	./tmp/280_IMG-20240705-WA0218.mfc
/cygdrive/g/rsync/RESEARCHS/finger_board_detection_image/github_jurnal/data/smaller/answer_sheet/24-07/280_IMG-20240705-WA0221.jpeg	./tmp/280_IMG-20240705-WA0221.mfc
/cygdrive/g/rsync/RESEARCHS/finger_board_detection_image/github_jurnal/data/smaller/answer_sheet/24-07/280_IMG-20240705-WA0223.jpeg	./tmp/280_IMG-20240705-WA0223.mfc
/cygdrive/g/rsync/RESEARCHS/finger_board_detection_image/github_jurnal/data/smaller/answer_sheet/24-07/280_IMG-20240705-WA0225.jpeg	./tmp/280_IMG-20240705-WA0225.mfc
/cygdrive/g/rsync/RESEARCHS/finger_board_detection_image/github_jurnal/data/smaller/answer_sheet/24-07/280_IMG-20240705-WA0227.jpeg	./tmp/280_IMG-20240705-WA0227.mfc
/cygdrive/g/rsync/RESEARCHS/finger_board_detection_image/github_jurnal/data/smaller/answer_sheet/24-07/280_IMG-20240705-WA0229.jpeg	./tmp/280_IMG-20240705-WA0229.mfc
/cygdrive/g/rsync/RESEARCHS/finger_board_detection_image/github_jurnal/data/smaller/answer_sheet/24-07/280_IMG-20240705-WA0231.jpeg	./tmp/280_IMG-20240705-WA0231.mfc
/cygdrive/g/rsync/RESEARCHS/finger_board_detection_image/github_jurnal/data/smaller/answer_sheet/24-07/280_IMG-20240705-WA0233.jpeg	./tmp/280_IMG-20240705-WA0233.mfc
/cygdrive/g/rsync/RESEARCHS/finger_board_detection_image/github_jurnal/data/smaller/answer_sheet/24-07/280_IMG-20240705-WA0236.jpeg	./tmp/280_IMG-20240705-WA0236.mfc
/cygdrive/g/rsync/RESEARCHS/finger_board_detection_image/github_jurnal/data/smaller/answer_sheet/24-07/280_IMG-20240705-WA0238.jpeg	./tmp/280_IMG-20240705-WA0238.mfc
/cygdrive/g/rsync/RESEARCHS/finger_board_detection_image/github_jurnal/data/smaller/answer_sheet/24-07/280_IMG-20240705-WA0240.jpeg	./tmp/280_IMG-20240705-WA0240.mfc
/cygdrive/g/rsync/RESEARCHS/finger_board_detection_image/github_jurnal/data/smaller/answer_sheet/24-07/280_IMG-20240705-WA0242.jpeg	./tmp/280_IMG-20240705-WA0242.mfc
/cygdrive/g/rsync/RESEARCHS/finger_board_detection_image/github_jurnal/data/smaller/answer_sheet/24-07/280_IMG-20240705-WA0244.jpeg	./tmp/280_IMG-20240705-WA0244.mfc
/cygdrive/g/rsync/RESEARCHS/finger_board_detection_image/github_jurnal/data/smaller/answer_sheet/24-07/280_IMG-20240705-WA0246.jpeg	./tmp/280_IMG-20240705-WA0246.mfc
/cygdrive/g/rsync/RESEARCHS/finger_board_detection_image/github_jurnal/data/smaller/answer_sheet/24-07/280_IMG-20240705-WA0248.jpeg	./tmp/280_IMG-20240705-WA0248.mfc
/cygdrive/g/rsync/RESEARCHS/finger_board_detection_image/github_jurnal/data/smaller/answer_sheet/24-07/280_IMG-20240705-WA0250.jpeg	./tmp/280_IMG-20240705-WA0250.mfc
/cygdrive/g/rsync/RESEARCHS/finger_board_detection_image/github_jurnal/data/smaller/answer_sheet/24-07/280_IMG-20240705-WA0252.jpeg	./tmp/280_IMG-20240705-WA0252.mfc
/cygdrive/g/rsync/RESEARCHS/finger_board_detection_image/github_jurnal/data/smaller/answer_sheet/24-07/280_IMG-20240705-WA0254.jpeg	./tmp/280_IMG-20240705-WA0254.mfc
/cygdrive/g/rsync/RESEARCHS/finger_board_detection_image/github_jurnal/data/smaller/answer_sheet/24-07/280_IMG-20240705-WA0256.jpeg	./tmp/280_IMG-20240705-WA0256.mfc
/cygdrive/g/rsync/RESEARCHS/finger_board_detection_image/github_jurnal/data/smaller/answer_sheet/24-07/280_IMG-20240705-WA0259.jpeg	./tmp/280_IMG-20240705-WA0259.mfc
/cygdrive/g/rsync/RESEARCHS/finger_board_detection_image/github_jurnal/data/smaller/answer_sheet/24-07/280_IMG-20240705-WA0261.jpeg	./tmp/280_IMG-20240705-WA0261.mfc
/cygdrive/g/rsync/RESEARCHS/finger_board_detection_image/github_jurnal/data/smaller/answer_sheet/24-07/280_IMG-20240705-WA0263.jpeg	./tmp/280_IMG-20240705-WA0263.mfc
/cygdrive/g/rsync/RESEARCHS/finger_board_detection_image/github_jurnal/data/smaller/answer_sheet/24-07/280_IMG-20240705-WA0265.jpeg	./tmp/280_IMG-20240705-WA0265.mfc
/cygdrive/g/rsync/RESEARCHS/finger_board_detection_image/github_jurnal/data/smaller/answer_sheet/24-07/280_IMG-20240705-WA0267.jpeg	./tmp/280_IMG-20240705-WA0267.mfc
/cygdrive/g/rsync/RESEARCHS/finger_board_detection_image/github_jurnal/data/smaller/answer_sheet/24-07/280_IMG-20240705-WA0270.jpeg	./tmp/280_IMG-20240705-WA0270.mfc
/cygdrive/g/rsync/RESEARCHS/finger_board_detection_image/github_jurnal/data/smaller/answer_sheet/24-07/280_IMG-20240705-WA0272.jpeg	./tmp/280_IMG-20240705-WA0272.mfc
/cygdrive/g/rsync/RESEARCHS/finger_board_detection_image/github_jurnal/data/smaller/answer_sheet/24-07/280_IMG-20240705-WA0274.jpeg	./tmp/280_IMG-20240705-WA0274.mfc
/cygdrive/g/rsync/RESEARCHS/finger_board_detection_image/github_jurnal/data/smaller/answer_sheet/24-07/280_IMG-20240705-WA0276.jpeg	./tmp/280_IMG-20240705-WA0276.mfc
/cygdrive/g/rsync/RESEARCHS/finger_board_detection_image/github_jurnal/data/smaller/answer_sheet/24-07/280_IMG-20240705-WA0278.jpeg	./tmp/280_IMG-20240705-WA0278.mfc
/cygdrive/g/rsync/RESEARCHS/finger_board_detection_image/github_jurnal/data/smaller/answer_sheet/24-07/280_IMG-20240705-WA0280.jpeg	./tmp/280_IMG-20240705-WA0280.mfc
/cygdrive/g/rsync/RESEARCHS/finger_board_detection_image/github_jurnal/data/smaller/answer_sheet/24-07/280_IMG-20240705-WA0282.jpeg	./tmp/280_IMG-20240705-WA0282.mfc
/cygdrive/g/rsync/RESEARCHS/finger_board_detection_image/github_jurnal/data/smaller/answer_sheet/24-07/280_IMG-20240705-WA0290.jpeg	./tmp/280_IMG-20240705-WA0290.mfc
/cygdrive/g/rsync/RESEARCHS/finger_board_detection_image/github_jurnal/data/smaller/answer_sheet/24-07/280_IMG-20240705-WA0292.jpeg	./tmp/280_IMG-20240705-WA0292.mfc
/cygdrive/g/rsync/RESEARCHS/finger_board_detection_image/github_jurnal/data/smaller/answer_sheet/24-07/280_IMG-20240705-WA0294.jpg	./tmp/280_IMG-20240705-WA0294.mfc
/cygdrive/g/rsync/RESEARCHS/finger_board_detection_image/github_jurnal/data/smaller/answer_sheet/24-07/280_IMG-20240705-WA0295.jpg	./tmp/280_IMG-20240705-WA0295.mfc
/cygdrive/g/rsync/RESEARCHS/finger_board_detection_image/github_jurnal/data/smaller/answer_sheet/24-07/280_IMG-20240705-WA0297.jpg	./tmp/280_IMG-20240705-WA0297.mfc
/cygdrive/g/rsync/RESEARCHS/finger_board_detection_image/github_jurnal/data/smaller/answer_sheet/24-07/280_IMG-20240705-WA0298.jpg	./tmp/280_IMG-20240705-WA0298.mfc
/cygdrive/g/rsync/RESEARCHS/finger_board_detection_image/github_jurnal/data/smaller/answer_sheet/24-07/280_IMG-20240705-WA0299.jpg	./tmp/280_IMG-20240705-WA0299.mfc
/cygdrive/g/rsync/RESEARCHS/finger_board_detection_image/github_jurnal/data/smaller/answer_sheet/24-07/280_IMG-20240705-WA0300.jpg	./tmp/280_IMG-20240705-WA0300.mfc
/cygdrive/g/rsync/RESEARCHS/finger_board_detection_image/github_jurnal/data/smaller/answer_sheet/24-07/280_IMG-20240705-WA0301.jpg	./tmp/280_IMG-20240705-WA0301.mfc
/cygdrive/g/rsync/RESEARCHS/finger_board_detection_image/github_jurnal/data/smaller/answer_sheet/24-07/280_IMG-20240705-WA0302.jpg	./tmp/280_IMG-20240705-WA0302.mfc
/cygdrive/g/rsync/RESEARCHS/finger_board_detection_image/github_jurnal/data/smaller/answer_sheet/24-07/280_IMG-20240705-WA0303.jpg	./tmp/280_IMG-20240705-WA0303.mfc
/cygdrive/g/rsync/RESEARCHS/finger_board_detection_image/github_jurnal/data/smaller/answer_sheet/24-07/280_IMG-20240705-WA0304.jpg	./tmp/280_IMG-20240705-WA0304.mfc
/cygdrive/g/rsync/RESEARCHS/finger_board_detection_image/github_jurnal/data/smaller/answer_sheet/24-07/280_IMG-20240705-WA0305.jpg	./tmp/280_IMG-20240705-WA0305.mfc
/cygdrive/g/rsync/RESEARCHS/finger_board_detection_image/github_jurnal/data/smaller/answer_sheet/24-07/280_IMG-20240705-WA0306.jpg	./tmp/280_IMG-20240705-WA0306.mfc
/cygdrive/g/rsync/RESEARCHS/finger_board_detection_image/github_jurnal/data/smaller/answer_sheet/24-07/280_IMG-20240705-WA0307.jpg	./tmp/280_IMG-20240705-WA0307.mfc
/cygdrive/g/rsync/RESEARCHS/finger_board_detection_image/github_jurnal/data/smaller/answer_sheet/24-07/280_IMG-20240705-WA0308.jpg	./tmp/280_IMG-20240705-WA0308.mfc
/cygdrive/g/rsync/RESEARCHS/finger_board_detection_image/github_jurnal/data/smaller/answer_sheet/24-07/280_IMG-20240705-WA0309.jpg	./tmp/280_IMG-20240705-WA0309.mfc
/cygdrive/g/rsync/RESEARCHS/finger_board_detection_image/github_jurnal/data/smaller/answer_sheet/24-07/280_IMG-20240705-WA0310.jpg	./tmp/280_IMG-20240705-WA0310.mfc
/cygdrive/g/rsync/RESEARCHS/finger_board_detection_image/github_jurnal/data/smaller/answer_sheet/24-07/280_IMG-20240705-WA0311.jpg	./tmp/280_IMG-20240705-WA0311.mfc
/cygdrive/g/rsync/RESEARCHS/finger_board_detection_image/github_jurnal/data/smaller/answer_sheet/24-07/280_IMG-20240705-WA0312.jpg	./tmp/280_IMG-20240705-WA0312.mfc
/cygdrive/g/rsync/RESEARCHS/finger_board_detection_image/github_jurnal/data/smaller/answer_sheet/24-07/280_IMG-20240705-WA0313.jpg	./tmp/280_IMG-20240705-WA0313.mfc
/cygdrive/g/rsync/RESEARCHS/finger_board_detection_image/github_jurnal/data/smaller/answer_sheet/24-07/280_IMG-20240705-WA0314.jpg	./tmp/280_IMG-20240705-WA0314.mfc
/cygdrive/g/rsync/RESEARCHS/finger_board_detection_image/github_jurnal/data/smaller/answer_sheet/24-07/280_IMG-20240705-WA0315.jpg	./tmp/280_IMG-20240705-WA0315.mfc
/cygdrive/g/rsync/RESEARCHS/finger_board_detection_image/github_jurnal/data/smaller/answer_sheet/24-07/280_IMG-20240705-WA0316.jpg	./tmp/280_IMG-20240705-WA0316.mfc
/cygdrive/g/rsync/RESEARCHS/finger_board_detection_image/github_jurnal/data/smaller/answer_sheet/24-07/280_IMG-20240705-WA0317.jpg	./tmp/280_IMG-20240705-WA0317.mfc
/cygdrive/g/rsync/RESEARCHS/finger_board_detection_image/github_jurnal/data/smaller/answer_sheet/24-07/280_IMG-20240705-WA0318.jpg	./tmp/280_IMG-20240705-WA0318.mfc
/cygdrive/g/rsync/RESEARCHS/finger_board_detection_image/github_jurnal/data/smaller/answer_sheet/24-07/280_IMG-20240705-WA0319.jpg	./tmp/280_IMG-20240705-WA0319.mfc
/cygdrive/g/rsync/RESEARCHS/finger_board_detection_image/github_jurnal/data/smaller/answer_sheet/24-07/280_IMG-20240705-WA0320.jpg	./tmp/280_IMG-20240705-WA0320.mfc
/cygdrive/g/rsync/RESEARCHS/finger_board_detection_image/github_jurnal/data/smaller/answer_sheet/24-07/280_IMG-20240705-WA0321.jpg	./tmp/280_IMG-20240705-WA0321.mfc
/cygdrive/g/rsync/RESEARCHS/finger_board_detection_image/github_jurnal/data/smaller/answer_sheet/no_time/280_IMG-20240101-WA0113.jpeg	./tmp/280_IMG-20240101-WA0113.mfc
/cygdrive/g/rsync/RESEARCHS/finger_board_detection_image/github_jurnal/data/smaller/answer_sheet/no_time/280_IMG-20240101-WA0136.jpeg	./tmp/280_IMG-20240101-WA0136.mfc
/cygdrive/g/rsync/RESEARCHS/finger_board_detection_image/github_jurnal/data/smaller/answer_sheet/no_time/280_IMG-20240101-WA0152.jpeg	./tmp/280_IMG-20240101-WA0152.mfc
/cygdrive/g/rsync/RESEARCHS/finger_board_detection_image/github_jurnal/data/smaller/answer_sheet/no_time/280_IMG-20240101-WA0168.jpeg	./tmp/280_IMG-20240101-WA0168.mfc
/cygdrive/g/rsync/RESEARCHS/finger_board_detection_image/github_jurnal/data/smaller/fp_image/24-01/280_IMG-20240102-WA0000.jpeg	./tmp/280_IMG-20240102-WA0000.mfc
/cygdrive/g/rsync/RESEARCHS/finger_board_detection_image/github_jurnal/data/smaller/fp_image/24-01/280_IMG-20240102-WA0002.jpeg	./tmp/280_IMG-20240102-WA0002.mfc
/cygdrive/g/rsync/RESEARCHS/finger_board_detection_image/github_jurnal/data/smaller/fp_image/24-01/280_IMG-20240103-WA0000.jpeg	./tmp/280_IMG-20240103-WA0000.mfc
/cygdrive/g/rsync/RESEARCHS/finger_board_detection_image/github_jurnal/data/smaller/fp_image/24-01/280_IMG-20240103-WA0002.jpeg	./tmp/280_IMG-20240103-WA0002.mfc
/cygdrive/g/rsync/RESEARCHS/finger_board_detection_image/github_jurnal/data/smaller/fp_image/24-01/280_IMG-20240104-WA0000.jpeg	./tmp/280_IMG-20240104-WA0000.mfc
/cygdrive/g/rsync/RESEARCHS/finger_board_detection_image/github_jurnal/data/smaller/fp_image/24-01/280_IMG-20240104-WA0001.jpeg	./tmp/280_IMG-20240104-WA0001.mfc
/cygdrive/g/rsync/RESEARCHS/finger_board_detection_image/github_jurnal/data/smaller/fp_image/24-01/280_IMG-20240105-WA0001.jpeg	./tmp/280_IMG-20240105-WA0001.mfc
/cygdrive/g/rsync/RESEARCHS/finger_board_detection_image/github_jurnal/data/smaller/fp_image/24-01/280_IMG-20240105-WA0003.jpeg	./tmp/280_IMG-20240105-WA0003.mfc
/cygdrive/g/rsync/RESEARCHS/finger_board_detection_image/github_jurnal/data/smaller/fp_image/24-01/280_IMG-20240108-WA0000.jpeg	./tmp/280_IMG-20240108-WA0000.mfc
/cygdrive/g/rsync/RESEARCHS/finger_board_detection_image/github_jurnal/data/smaller/fp_image/24-01/280_IMG-20240108-WA0002.jpeg	./tmp/280_IMG-20240108-WA0002.mfc
/cygdrive/g/rsync/RESEARCHS/finger_board_detection_image/github_jurnal/data/smaller/fp_image/24-01/280_IMG-20240109-WA0005.jpeg	./tmp/280_IMG-20240109-WA0005.mfc
/cygdrive/g/rsync/RESEARCHS/finger_board_detection_image/github_jurnal/data/smaller/fp_image/24-01/280_IMG-20240109-WA0007.jpeg	./tmp/280_IMG-20240109-WA0007.mfc
/cygdrive/g/rsync/RESEARCHS/finger_board_detection_image/github_jurnal/data/smaller/fp_image/24-01/280_IMG-20240110-WA0003.jpeg	./tmp/280_IMG-20240110-WA0003.mfc
/cygdrive/g/rsync/RESEARCHS/finger_board_detection_image/github_jurnal/data/smaller/fp_image/24-01/280_IMG-20240110-WA0005.jpeg	./tmp/280_IMG-20240110-WA0005.mfc
/cygdrive/g/rsync/RESEARCHS/finger_board_detection_image/github_jurnal/data/smaller/fp_image/24-01/280_IMG-20240111-WA0000.jpeg	./tmp/280_IMG-20240111-WA0000.mfc
/cygdrive/g/rsync/RESEARCHS/finger_board_detection_image/github_jurnal/data/smaller/fp_image/24-01/280_IMG-20240111-WA0002.jpeg	./tmp/280_IMG-20240111-WA0002.mfc
/cygdrive/g/rsync/RESEARCHS/finger_board_detection_image/github_jurnal/data/smaller/fp_image/24-01/280_IMG-20240112-WA0000.jpeg	./tmp/280_IMG-20240112-WA0000.mfc
/cygdrive/g/rsync/RESEARCHS/finger_board_detection_image/github_jurnal/data/smaller/fp_image/24-01/280_IMG-20240112-WA0002.jpeg	./tmp/280_IMG-20240112-WA0002.mfc
/cygdrive/g/rsync/RESEARCHS/finger_board_detection_image/github_jurnal/data/smaller/fp_image/24-01/280_IMG-20240115-WA0000.jpeg	./tmp/280_IMG-20240115-WA0000.mfc
/cygdrive/g/rsync/RESEARCHS/finger_board_detection_image/github_jurnal/data/smaller/fp_image/24-01/280_IMG-20240115-WA0002.jpeg	./tmp/280_IMG-20240115-WA0002.mfc
/cygdrive/g/rsync/RESEARCHS/finger_board_detection_image/github_jurnal/data/smaller/fp_image/24-01/280_IMG-20240116-WA0009.jpeg	./tmp/280_IMG-20240116-WA0009.mfc
/cygdrive/g/rsync/RESEARCHS/finger_board_detection_image/github_jurnal/data/smaller/fp_image/24-01/280_IMG-20240116-WA0011.jpeg	./tmp/280_IMG-20240116-WA0011.mfc
/cygdrive/g/rsync/RESEARCHS/finger_board_detection_image/github_jurnal/data/smaller/fp_image/24-01/280_IMG-20240117-WA0001.jpeg	./tmp/280_IMG-20240117-WA0001.mfc
/cygdrive/g/rsync/RESEARCHS/finger_board_detection_image/github_jurnal/data/smaller/fp_image/24-01/280_IMG-20240117-WA0003.jpeg	./tmp/280_IMG-20240117-WA0003.mfc
/cygdrive/g/rsync/RESEARCHS/finger_board_detection_image/github_jurnal/data/smaller/fp_image/24-01/280_IMG-20240118-WA0003.jpeg	./tmp/280_IMG-20240118-WA0003.mfc
/cygdrive/g/rsync/RESEARCHS/finger_board_detection_image/github_jurnal/data/smaller/fp_image/24-01/280_IMG-20240118-WA0005.jpeg	./tmp/280_IMG-20240118-WA0005.mfc
/cygdrive/g/rsync/RESEARCHS/finger_board_detection_image/github_jurnal/data/smaller/fp_image/24-06/280_IMG-20240619-WA0000.jpeg	./tmp/280_IMG-20240619-WA0000.mfc
/cygdrive/g/rsync/RESEARCHS/finger_board_detection_image/github_jurnal/data/smaller/fp_image/24-06/280_IMG-20240619-WA0001.jpeg	./tmp/280_IMG-20240619-WA0001.mfc
/cygdrive/g/rsync/RESEARCHS/finger_board_detection_image/github_jurnal/data/smaller/fp_image/24-06/280_IMG-20240620-WA0000.jpeg	./tmp/280_IMG-20240620-WA0000.mfc
/cygdrive/g/rsync/RESEARCHS/finger_board_detection_image/github_jurnal/data/smaller/fp_image/24-06/280_IMG-20240620-WA0001.jpeg	./tmp/280_IMG-20240620-WA0001.mfc
/cygdrive/g/rsync/RESEARCHS/finger_board_detection_image/github_jurnal/data/smaller/fp_image/24-06/280_IMG-20240625-WA0001.jpeg	./tmp/280_IMG-20240625-WA0001.mfc
/cygdrive/g/rsync/RESEARCHS/finger_board_detection_image/github_jurnal/data/smaller/fp_image/24-06/280_IMG-20240625-WA0003.jpeg	./tmp/280_IMG-20240625-WA0003.mfc
/cygdrive/g/rsync/RESEARCHS/finger_board_detection_image/github_jurnal/data/smaller/fp_image/24-06/280_IMG-20240626-WA0000.jpeg	./tmp/280_IMG-20240626-WA0000.mfc
/cygdrive/g/rsync/RESEARCHS/finger_board_detection_image/github_jurnal/data/smaller/fp_image/24-06/280_IMG-20240627-WA0001.jpeg	./tmp/280_IMG-20240627-WA0001.mfc
/cygdrive/g/rsync/RESEARCHS/finger_board_detection_image/github_jurnal/data/smaller/fp_image/24-06/280_IMG-20240627-WA0003.jpeg	./tmp/280_IMG-20240627-WA0003.mfc
/cygdrive/g/rsync/RESEARCHS/finger_board_detection_image/github_jurnal/data/smaller/fp_image/24-06/280_IMG-20240628-WA0000.jpeg	./tmp/280_IMG-20240628-WA0000.mfc
/cygdrive/g/rsync/RESEARCHS/finger_board_detection_image/github_jurnal/data/smaller/fp_image/24-06/280_IMG-20240628-WA0001.jpeg	./tmp/280_IMG-20240628-WA0001.mfc
/cygdrive/g/rsync/RESEARCHS/finger_board_detection_image/github_jurnal/data/smaller/fp_image/24-07/280_IMG-20240701-WA0000.jpeg	./tmp/280_IMG-20240701-WA0000.mfc
/cygdrive/g/rsync/RESEARCHS/finger_board_detection_image/github_jurnal/data/smaller/fp_image/24-07/280_IMG-20240702-WA0002.jpeg	./tmp/280_IMG-20240702-WA0002.mfc
/cygdrive/g/rsync/RESEARCHS/finger_board_detection_image/github_jurnal/data/smaller/fp_image/24-07/280_IMG-20240702-WA0003.jpeg	./tmp/280_IMG-20240702-WA0003.mfc
/cygdrive/g/rsync/RESEARCHS/finger_board_detection_image/github_jurnal/data/smaller/fp_image/24-07/280_IMG-20240703-WA0002.jpeg	./tmp/280_IMG-20240703-WA0002.mfc
/cygdrive/g/rsync/RESEARCHS/finger_board_detection_image/github_jurnal/data/smaller/fp_image/24-07/280_IMG-20240704-WA0000.jpeg	./tmp/280_IMG-20240704-WA0000.mfc
/cygdrive/g/rsync/RESEARCHS/finger_board_detection_image/github_jurnal/data/smaller/fp_image/24-07/280_IMG-20240705-WA0134.jpeg	./tmp/280_IMG-20240705-WA0134.mfc
/cygdrive/g/rsync/RESEARCHS/finger_board_detection_image/github_jurnal/data/smaller/fp_image/24-07/280_IMG-20240708-WA0000.jpeg	./tmp/280_IMG-20240708-WA0000.mfc
/cygdrive/g/rsync/RESEARCHS/finger_board_detection_image/github_jurnal/data/smaller/fp_image/24-07/280_IMG-20240709-WA0000.jpeg	./tmp/280_IMG-20240709-WA0000.mfc
/cygdrive/g/rsync/RESEARCHS/finger_board_detection_image/github_jurnal/data/smaller/fp_image/24-07/280_IMG-20240710-WA0001.jpeg	./tmp/280_IMG-20240710-WA0001.mfc
/cygdrive/g/rsync/RESEARCHS/finger_board_detection_image/github_jurnal/data/smaller/fp_image/24-07/280_IMG-20240710-WA0003.jpeg	./tmp/280_IMG-20240710-WA0003.mfc
/cygdrive/g/rsync/RESEARCHS/finger_board_detection_image/github_jurnal/data/smaller/fp_image/24-07/280_IMG-20240711-WA0000.jpeg	./tmp/280_IMG-20240711-WA0000.mfc
/cygdrive/g/rsync/RESEARCHS/finger_board_detection_image/github_jurnal/data/smaller/fp_image/24-07/280_IMG-20240712-WA0000.jpeg	./tmp/280_IMG-20240712-WA0000.mfc
/cygdrive/g/rsync/RESEARCHS/finger_board_detection_image/github_jurnal/data/smaller/fp_image/24-07/280_IMG-20240715-WA0000.jpeg	./tmp/280_IMG-20240715-WA0000.mfc
/cygdrive/g/rsync/RESEARCHS/finger_board_detection_image/github_jurnal/data/smaller/fp_image/24-07/280_IMG-20240716-WA0000.jpeg	./tmp/280_IMG-20240716-WA0000.mfc
/cygdrive/g/rsync/RESEARCHS/finger_board_detection_image/github_jurnal/data/smaller/fp_image/24-07/280_IMG-20240717-WA0001.jpeg	./tmp/280_IMG-20240717-WA0001.mfc
/cygdrive/g/rsync/RESEARCHS/finger_board_detection_image/github_jurnal/data/smaller/fp_image/24-07/280_IMG-20240718-WA0005.jpeg	./tmp/280_IMG-20240718-WA0005.mfc
/cygdrive/g/rsync/RESEARCHS/finger_board_detection_image/github_jurnal/data/smaller/fp_image/24-07/280_IMG-20240719-WA0001.jpeg	./tmp/280_IMG-20240719-WA0001.mfc
/cygdrive/g/rsync/RESEARCHS/finger_board_detection_image/github_jurnal/data/smaller/fp_image/24-07/280_IMG-20240719-WA0002.jpeg	./tmp/280_IMG-20240719-WA0002.mfc
/cygdrive/g/rsync/RESEARCHS/finger_board_detection_image/github_jurnal/data/smaller/fp_image/24-07/280_IMG-20240722-WA0002.jpeg	./tmp/280_IMG-20240722-WA0002.mfc
/cygdrive/g/rsync/RESEARCHS/finger_board_detection_image/github_jurnal/data/smaller/fp_image/24-07/280_IMG-20240723-WA0001.jpeg	./tmp/280_IMG-20240723-WA0001.mfc
/cygdrive/g/rsync/RESEARCHS/finger_board_detection_image/github_jurnal/data/smaller/fp_image/24-07/280_IMG-20240724-WA0000.jpeg	./tmp/280_IMG-20240724-WA0000.mfc
/cygdrive/g/rsync/RESEARCHS/finger_board_detection_image/github_jurnal/data/smaller/fp_image/24-07/280_IMG-20240726-WA0000.jpeg	./tmp/280_IMG-20240726-WA0000.mfc
/cygdrive/g/rsync/RESEARCHS/finger_board_detection_image/github_jurnal/data/smaller/fp_image/24-07/280_IMG-20240729-WA0000.jpeg	./tmp/280_IMG-20240729-WA0000.mfc
/cygdrive/g/rsync/RESEARCHS/finger_board_detection_image/github_jurnal/data/smaller/fp_image/24-07/280_IMG-20240730-WA0000.jpeg	./tmp/280_IMG-20240730-WA0000.mfc
/cygdrive/g/rsync/RESEARCHS/finger_board_detection_image/github_jurnal/data/smaller/fp_image/24-07/280_IMG-20240730-WA0002.jpeg	./tmp/280_IMG-20240730-WA0002.mfc
/cygdrive/g/rsync/RESEARCHS/finger_board_detection_image/github_jurnal/data/smaller/fp_image/24-07/280_IMG-20240731-WA0000.jpeg	./tmp/280_IMG-20240731-WA0000.mfc
/cygdrive/g/rsync/RESEARCHS/finger_board_detection_image/github_jurnal/data/smaller/fp_image/24-08/280_IMG-20240801-WA0002.jpeg	./tmp/280_IMG-20240801-WA0002.mfc
/cygdrive/g/rsync/RESEARCHS/finger_board_detection_image/github_jurnal/data/smaller/fp_image/24-08/280_IMG-20240802-WA0000.jpeg	./tmp/280_IMG-20240802-WA0000.mfc
/cygdrive/g/rsync/RESEARCHS/finger_board_detection_image/github_jurnal/data/smaller/fp_image/24-08/280_IMG-20240805-WA0000.jpeg	./tmp/280_IMG-20240805-WA0000.mfc
/cygdrive/g/rsync/RESEARCHS/finger_board_detection_image/github_jurnal/data/smaller/fp_image/24-08/280_IMG-20240806-WA0000.jpeg	./tmp/280_IMG-20240806-WA0000.mfc
/cygdrive/g/rsync/RESEARCHS/finger_board_detection_image/github_jurnal/data/smaller/fp_image/24-08/280_IMG-20240807-WA0000.jpeg	./tmp/280_IMG-20240807-WA0000.mfc
/cygdrive/g/rsync/RESEARCHS/finger_board_detection_image/github_jurnal/data/smaller/fp_image/24-08/280_IMG-20240808-WA0000.jpeg	./tmp/280_IMG-20240808-WA0000.mfc
/cygdrive/g/rsync/RESEARCHS/finger_board_detection_image/github_jurnal/data/smaller/fp_image/24-08/280_IMG-20240809-WA0001.jpeg	./tmp/280_IMG-20240809-WA0001.mfc
/cygdrive/g/rsync/RESEARCHS/finger_board_detection_image/github_jurnal/data/smaller/fp_image/no_time/280_IMG-20221219-WA0001.jpg	./tmp/280_IMG-20221219-WA0001.mfc
/cygdrive/g/rsync/RESEARCHS/finger_board_detection_image/github_jurnal/data/smaller/fp_image/no_time/280_IMG-20221220-WA0001.jpg	./tmp/280_IMG-20221220-WA0001.mfc
/cygdrive/g/rsync/RESEARCHS/finger_board_detection_image/github_jurnal/data/smaller/fp_image/no_time/280_IMG-20221220-WA0003.jpg	./tmp/280_IMG-20221220-WA0003.mfc
/cygdrive/g/rsync/RESEARCHS/finger_board_detection_image/github_jurnal/data/smaller/fp_image/no_time/280_IMG-20221221-WA0012.jpg	./tmp/280_IMG-20221221-WA0012.mfc
/cygdrive/g/rsync/RESEARCHS/finger_board_detection_image/github_jurnal/data/smaller/fp_image/no_time/280_IMG-20230102-WA0001.jpg	./tmp/280_IMG-20230102-WA0001.mfc
/cygdrive/g/rsync/RESEARCHS/finger_board_detection_image/github_jurnal/data/smaller/fp_image/no_time/280_IMG-20230103-WA0001.jpg	./tmp/280_IMG-20230103-WA0001.mfc
/cygdrive/g/rsync/RESEARCHS/finger_board_detection_image/github_jurnal/data/smaller/fp_image/no_time/280_IMG-20230104-WA0001.jpg	./tmp/280_IMG-20230104-WA0001.mfc
/cygdrive/g/rsync/RESEARCHS/finger_board_detection_image/github_jurnal/data/smaller/fp_image/no_time/280_IMG-20230105-WA0002.jpg	./tmp/280_IMG-20230105-WA0002.mfc
/cygdrive/g/rsync/RESEARCHS/finger_board_detection_image/github_jurnal/data/smaller/fp_image/no_time/280_IMG-20230105-WA0004.jpg	./tmp/280_IMG-20230105-WA0004.mfc
/cygdrive/g/rsync/RESEARCHS/finger_board_detection_image/github_jurnal/data/smaller/fp_image/no_time/280_IMG-20230106-WA0001.jpg	./tmp/280_IMG-20230106-WA0001.mfc
/cygdrive/g/rsync/RESEARCHS/finger_board_detection_image/github_jurnal/data/smaller/fp_image/no_time/280_IMG-20230109-WA0000.jpeg	./tmp/280_IMG-20230109-WA0000.mfc
/cygdrive/g/rsync/RESEARCHS/finger_board_detection_image/github_jurnal/data/smaller/fp_image/no_time/280_IMG-20230109-WA0001.jpg	./tmp/280_IMG-20230109-WA0001.mfc
/cygdrive/g/rsync/RESEARCHS/finger_board_detection_image/github_jurnal/data/smaller/fp_image/no_time/280_IMG-20230109-WA0002.jpeg	./tmp/280_IMG-20230109-WA0002.mfc
/cygdrive/g/rsync/RESEARCHS/finger_board_detection_image/github_jurnal/data/smaller/fp_image/no_time/280_IMG-20230109-WA0003.jpg	./tmp/280_IMG-20230109-WA0003.mfc
/cygdrive/g/rsync/RESEARCHS/finger_board_detection_image/github_jurnal/data/smaller/fp_image/no_time/280_IMG-20230110-WA0000.jpeg	./tmp/280_IMG-20230110-WA0000.mfc
/cygdrive/g/rsync/RESEARCHS/finger_board_detection_image/github_jurnal/data/smaller/fp_image/no_time/280_IMG-20230110-WA0001.jpg	./tmp/280_IMG-20230110-WA0001.mfc
/cygdrive/g/rsync/RESEARCHS/finger_board_detection_image/github_jurnal/data/smaller/fp_image/no_time/280_IMG-20230110-WA0002.jpeg	./tmp/280_IMG-20230110-WA0002.mfc
/cygdrive/g/rsync/RESEARCHS/finger_board_detection_image/github_jurnal/data/smaller/fp_image/no_time/280_IMG-20230110-WA0003.jpg	./tmp/280_IMG-20230110-WA0003.mfc
/cygdrive/g/rsync/RESEARCHS/finger_board_detection_image/github_jurnal/data/smaller/fp_image/no_time/280_IMG-20230111-WA0002.jpeg	./tmp/280_IMG-20230111-WA0002.mfc
/cygdrive/g/rsync/RESEARCHS/finger_board_detection_image/github_jurnal/data/smaller/fp_image/no_time/280_IMG-20230111-WA0003.jpg	./tmp/280_IMG-20230111-WA0003.mfc
/cygdrive/g/rsync/RESEARCHS/finger_board_detection_image/github_jurnal/data/smaller/fp_image/no_time/280_IMG-20230111-WA0004.jpeg	./tmp/280_IMG-20230111-WA0004.mfc
/cygdrive/g/rsync/RESEARCHS/finger_board_detection_image/github_jurnal/data/smaller/fp_image/no_time/280_IMG-20230111-WA0005.jpg	./tmp/280_IMG-20230111-WA0005.mfc
/cygdrive/g/rsync/RESEARCHS/finger_board_detection_image/github_jurnal/data/smaller/fp_image/no_time/280_IMG-20230112-WA0004.jpeg	./tmp/280_IMG-20230112-WA0004.mfc
/cygdrive/g/rsync/RESEARCHS/finger_board_detection_image/github_jurnal/data/smaller/fp_image/no_time/280_IMG-20230112-WA0005.jpg	./tmp/280_IMG-20230112-WA0005.mfc
/cygdrive/g/rsync/RESEARCHS/finger_board_detection_image/github_jurnal/data/smaller/fp_image/no_time/280_IMG-20230113-WA0001.jpeg	./tmp/280_IMG-20230113-WA0001.mfc
/cygdrive/g/rsync/RESEARCHS/finger_board_detection_image/github_jurnal/data/smaller/fp_image/no_time/280_IMG-20230113-WA0002.jpg	./tmp/280_IMG-20230113-WA0002.mfc
/cygdrive/g/rsync/RESEARCHS/finger_board_detection_image/github_jurnal/data/smaller/fp_image/no_time/280_IMG-20230113-WA0003.jpeg	./tmp/280_IMG-20230113-WA0003.mfc
/cygdrive/g/rsync/RESEARCHS/finger_board_detection_image/github_jurnal/data/smaller/fp_image/no_time/280_IMG-20230113-WA0004.jpg	./tmp/280_IMG-20230113-WA0004.mfc
/cygdrive/g/rsync/RESEARCHS/finger_board_detection_image/github_jurnal/data/smaller/fp_image/no_time/280_IMG-20230116-WA0001.jpeg	./tmp/280_IMG-20230116-WA0001.mfc
/cygdrive/g/rsync/RESEARCHS/finger_board_detection_image/github_jurnal/data/smaller/fp_image/no_time/280_IMG-20230116-WA0002.jpg	./tmp/280_IMG-20230116-WA0002.mfc
/cygdrive/g/rsync/RESEARCHS/finger_board_detection_image/github_jurnal/data/smaller/fp_image/no_time/280_IMG-20230116-WA0003.jpeg	./tmp/280_IMG-20230116-WA0003.mfc
/cygdrive/g/rsync/RESEARCHS/finger_board_detection_image/github_jurnal/data/smaller/fp_image/no_time/280_IMG-20230116-WA0004.jpg	./tmp/280_IMG-20230116-WA0004.mfc
/cygdrive/g/rsync/RESEARCHS/finger_board_detection_image/github_jurnal/data/smaller/fp_image/no_time/280_IMG-20230117-WA0000.jpeg	./tmp/280_IMG-20230117-WA0000.mfc
/cygdrive/g/rsync/RESEARCHS/finger_board_detection_image/github_jurnal/data/smaller/fp_image/no_time/280_IMG-20230117-WA0001.jpg	./tmp/280_IMG-20230117-WA0001.mfc
/cygdrive/g/rsync/RESEARCHS/finger_board_detection_image/github_jurnal/data/smaller/fp_image/no_time/280_IMG-20230117-WA0002.jpeg	./tmp/280_IMG-20230117-WA0002.mfc
/cygdrive/g/rsync/RESEARCHS/finger_board_detection_image/github_jurnal/data/smaller/fp_image/no_time/280_IMG-20230117-WA0003.jpg	./tmp/280_IMG-20230117-WA0003.mfc
/cygdrive/g/rsync/RESEARCHS/finger_board_detection_image/github_jurnal/data/smaller/fp_image/no_time/280_IMG-20230117-WA0004.jpg	./tmp/280_IMG-20230117-WA0004.mfc
/cygdrive/g/rsync/RESEARCHS/finger_board_detection_image/github_jurnal/data/smaller/fp_image/no_time/280_IMG-20230118-WA0000.jpeg	./tmp/280_IMG-20230118-WA0000.mfc
/cygdrive/g/rsync/RESEARCHS/finger_board_detection_image/github_jurnal/data/smaller/fp_image/no_time/280_IMG-20230118-WA0001.jpg	./tmp/280_IMG-20230118-WA0001.mfc
/cygdrive/g/rsync/RESEARCHS/finger_board_detection_image/github_jurnal/data/smaller/fp_image/no_time/280_IMG-20230118-WA0002.jpeg	./tmp/280_IMG-20230118-WA0002.mfc
/cygdrive/g/rsync/RESEARCHS/finger_board_detection_image/github_jurnal/data/smaller/fp_image/no_time/280_IMG-20230118-WA0003.jpg	./tmp/280_IMG-20230118-WA0003.mfc
/cygdrive/g/rsync/RESEARCHS/finger_board_detection_image/github_jurnal/data/smaller/fp_image/no_time/280_IMG-20230119-WA0001.jpeg	./tmp/280_IMG-20230119-WA0001.mfc
/cygdrive/g/rsync/RESEARCHS/finger_board_detection_image/github_jurnal/data/smaller/fp_image/no_time/280_IMG-20230119-WA0003.jpeg	./tmp/280_IMG-20230119-WA0003.mfc
/cygdrive/g/rsync/RESEARCHS/finger_board_detection_image/github_jurnal/data/smaller/fp_image/no_time/280_IMG-20240102-WA0000.jpeg	./tmp/280_IMG-20240102-WA0000.mfc
/cygdrive/g/rsync/RESEARCHS/finger_board_detection_image/github_jurnal/data/smaller/fp_image/no_time/280_IMG-20240102-WA0002.jpeg	./tmp/280_IMG-20240102-WA0002.mfc
/cygdrive/g/rsync/RESEARCHS/finger_board_detection_image/github_jurnal/data/smaller/fp_image/no_time/280_IMG-20240103-WA0000.jpeg	./tmp/280_IMG-20240103-WA0000.mfc
/cygdrive/g/rsync/RESEARCHS/finger_board_detection_image/github_jurnal/data/smaller/fp_image/no_time/280_IMG-20240103-WA0002.jpeg	./tmp/280_IMG-20240103-WA0002.mfc
/cygdrive/g/rsync/RESEARCHS/finger_board_detection_image/github_jurnal/data/smaller/fp_image/no_time/280_IMG-20240104-WA0000.jpeg	./tmp/280_IMG-20240104-WA0000.mfc
/cygdrive/g/rsync/RESEARCHS/finger_board_detection_image/github_jurnal/data/smaller/fp_image/no_time/280_IMG-20240104-WA0001.jpeg	./tmp/280_IMG-20240104-WA0001.mfc
/cygdrive/g/rsync/RESEARCHS/finger_board_detection_image/github_jurnal/data/smaller/fp_image/no_time/280_IMG-20240105-WA0001.jpeg	./tmp/280_IMG-20240105-WA0001.mfc
/cygdrive/g/rsync/RESEARCHS/finger_board_detection_image/github_jurnal/data/smaller/fp_image/no_time/280_IMG-20240105-WA0003.jpeg	./tmp/280_IMG-20240105-WA0003.mfc
/cygdrive/g/rsync/RESEARCHS/finger_board_detection_image/github_jurnal/data/smaller/fp_image/no_time/280_IMG-20240108-WA0000.jpeg	./tmp/280_IMG-20240108-WA0000.mfc
/cygdrive/g/rsync/RESEARCHS/finger_board_detection_image/github_jurnal/data/smaller/fp_image/no_time/280_IMG-20240108-WA0002.jpeg	./tmp/280_IMG-20240108-WA0002.mfc
/cygdrive/g/rsync/RESEARCHS/finger_board_detection_image/github_jurnal/data/smaller/fp_image/no_time/280_IMG-20240109-WA0005.jpeg	./tmp/280_IMG-20240109-WA0005.mfc
/cygdrive/g/rsync/RESEARCHS/finger_board_detection_image/github_jurnal/data/smaller/fp_image/no_time/280_IMG-20240109-WA0007.jpeg	./tmp/280_IMG-20240109-WA0007.mfc
/cygdrive/g/rsync/RESEARCHS/finger_board_detection_image/github_jurnal/data/smaller/fp_image/no_time/280_IMG-20240110-WA0003.jpeg	./tmp/280_IMG-20240110-WA0003.mfc
/cygdrive/g/rsync/RESEARCHS/finger_board_detection_image/github_jurnal/data/smaller/fp_image/no_time/280_IMG-20240110-WA0005.jpeg	./tmp/280_IMG-20240110-WA0005.mfc
/cygdrive/g/rsync/RESEARCHS/finger_board_detection_image/github_jurnal/data/smaller/fp_image/no_time/280_IMG-20240111-WA0000.jpeg	./tmp/280_IMG-20240111-WA0000.mfc
/cygdrive/g/rsync/RESEARCHS/finger_board_detection_image/github_jurnal/data/smaller/fp_image/no_time/280_IMG-20240111-WA0002.jpeg	./tmp/280_IMG-20240111-WA0002.mfc
/cygdrive/g/rsync/RESEARCHS/finger_board_detection_image/github_jurnal/data/smaller/fp_image/no_time/280_IMG-20240112-WA0000.jpeg	./tmp/280_IMG-20240112-WA0000.mfc
/cygdrive/g/rsync/RESEARCHS/finger_board_detection_image/github_jurnal/data/smaller/fp_image/no_time/280_IMG-20240112-WA0002.jpeg	./tmp/280_IMG-20240112-WA0002.mfc
/cygdrive/g/rsync/RESEARCHS/finger_board_detection_image/github_jurnal/data/smaller/fp_image/no_time/280_IMG-20240115-WA0000.jpeg	./tmp/280_IMG-20240115-WA0000.mfc
/cygdrive/g/rsync/RESEARCHS/finger_board_detection_image/github_jurnal/data/smaller/fp_image/no_time/280_IMG-20240115-WA0002.jpeg	./tmp/280_IMG-20240115-WA0002.mfc
/cygdrive/g/rsync/RESEARCHS/finger_board_detection_image/github_jurnal/data/smaller/fp_image/no_time/280_IMG-20240116-WA0009.jpeg	./tmp/280_IMG-20240116-WA0009.mfc
/cygdrive/g/rsync/RESEARCHS/finger_board_detection_image/github_jurnal/data/smaller/fp_image/no_time/280_IMG-20240116-WA0011.jpeg	./tmp/280_IMG-20240116-WA0011.mfc
/cygdrive/g/rsync/RESEARCHS/finger_board_detection_image/github_jurnal/data/smaller/fp_image/no_time/280_IMG-20240117-WA0001.jpeg	./tmp/280_IMG-20240117-WA0001.mfc
/cygdrive/g/rsync/RESEARCHS/finger_board_detection_image/github_jurnal/data/smaller/fp_image/no_time/280_IMG-20240117-WA0003.jpeg	./tmp/280_IMG-20240117-WA0003.mfc
/cygdrive/g/rsync/RESEARCHS/finger_board_detection_image/github_jurnal/data/smaller/fp_image/no_time/280_IMG-20240118-WA0003.jpeg	./tmp/280_IMG-20240118-WA0003.mfc
/cygdrive/g/rsync/RESEARCHS/finger_board_detection_image/github_jurnal/data/smaller/fp_image/no_time/280_IMG-20240118-WA0005.jpeg	./tmp/280_IMG-20240118-WA0005.mfc
