280_IMG-20240723-WA0001_bg_board.0.mfc=/cygdrive/c/rps/tmp/tmp_6/tmp/280_IMG-20240723-WA0001.mfc[0,69]
280_IMG-20240723-WA0001_bg_board.1.mfc=/cygdrive/c/rps/tmp/tmp_6/tmp/280_IMG-20240723-WA0001.mfc[73,142]
280_IMG-20240723-WA0001_bg_board.2.mfc=/cygdrive/c/rps/tmp/tmp_6/tmp/280_IMG-20240723-WA0001.mfc[146,215]
280_IMG-20240723-WA0001_bg_board.3.mfc=/cygdrive/c/rps/tmp/tmp_6/tmp/280_IMG-20240723-WA0001.mfc[219,288]
280_IMG-20240723-WA0001_bg_board.4.mfc=/cygdrive/c/rps/tmp/tmp_6/tmp/280_IMG-20240723-WA0001.mfc[292,361]
280_IMG-20240723-WA0001_bg_board.5.mfc=/cygdrive/c/rps/tmp/tmp_6/tmp/280_IMG-20240723-WA0001.mfc[365,434]
280_IMG-20240723-WA0001_bg_board.6.mfc=/cygdrive/c/rps/tmp/tmp_6/tmp/280_IMG-20240723-WA0001.mfc[438,507]
280_IMG-20240723-WA0001_bg_board.7.mfc=/cygdrive/c/rps/tmp/tmp_6/tmp/280_IMG-20240723-WA0001.mfc[511,580]
280_IMG-20240723-WA0001_bg_board.8.mfc=/cygdrive/c/rps/tmp/tmp_6/tmp/280_IMG-20240723-WA0001.mfc[584,653]
280_IMG-20240723-WA0001_bg_board.9.mfc=/cygdrive/c/rps/tmp/tmp_6/tmp/280_IMG-20240723-WA0001.mfc[657,726]
280_IMG-20240723-WA0001_bg_board.10.mfc=/cygdrive/c/rps/tmp/tmp_6/tmp/280_IMG-20240723-WA0001.mfc[730,799]
280_IMG-20240723-WA0001_bg_board.11.mfc=/cygdrive/c/rps/tmp/tmp_6/tmp/280_IMG-20240723-WA0001.mfc[803,872]
280_IMG-20240723-WA0001_bg_board.12.mfc=/cygdrive/c/rps/tmp/tmp_6/tmp/280_IMG-20240723-WA0001.mfc[876,945]
280_IMG-20240723-WA0001_bg_board.13.mfc=/cygdrive/c/rps/tmp/tmp_6/tmp/280_IMG-20240723-WA0001.mfc[949,1018]
280_IMG-20240723-WA0001_bg_board.14.mfc=/cygdrive/c/rps/tmp/tmp_6/tmp/280_IMG-20240723-WA0001.mfc[1022,1091]
280_IMG-20240723-WA0001_bg_board.15.mfc=/cygdrive/c/rps/tmp/tmp_6/tmp/280_IMG-20240723-WA0001.mfc[1095,1164]
280_IMG-20240723-WA0001_bg_board.16.mfc=/cygdrive/c/rps/tmp/tmp_6/tmp/280_IMG-20240723-WA0001.mfc[1168,1237]
280_IMG-20240723-WA0001_bg_board.17.mfc=/cygdrive/c/rps/tmp/tmp_6/tmp/280_IMG-20240723-WA0001.mfc[1241,1310]
280_IMG-20240723-WA0001_bg_board.18.mfc=/cygdrive/c/rps/tmp/tmp_6/tmp/280_IMG-20240723-WA0001.mfc[1314,1383]
280_IMG-20240723-WA0001_bg_board.19.mfc=/cygdrive/c/rps/tmp/tmp_6/tmp/280_IMG-20240723-WA0001.mfc[1387,1456]
280_IMG-20240723-WA0001_fp_logo.20.mfc=/cygdrive/c/rps/tmp/tmp_6/tmp/280_IMG-20240723-WA0001.mfc[1460,1529]
280_IMG-20240723-WA0001_fp_logo.21.mfc=/cygdrive/c/rps/tmp/tmp_6/tmp/280_IMG-20240723-WA0001.mfc[1533,1602]
280_IMG-20240723-WA0001_fp_logo.22.mfc=/cygdrive/c/rps/tmp/tmp_6/tmp/280_IMG-20240723-WA0001.mfc[1606,1675]
280_IMG-20240723-WA0001_fp_logo.23.mfc=/cygdrive/c/rps/tmp/tmp_6/tmp/280_IMG-20240723-WA0001.mfc[1679,1748]
280_IMG-20240723-WA0001_fp_logo.24.mfc=/cygdrive/c/rps/tmp/tmp_6/tmp/280_IMG-20240723-WA0001.mfc[1752,1821]
280_IMG-20240723-WA0001_fp_logo.25.mfc=/cygdrive/c/rps/tmp/tmp_6/tmp/280_IMG-20240723-WA0001.mfc[1825,1894]
280_IMG-20240723-WA0001_fp_logo.26.mfc=/cygdrive/c/rps/tmp/tmp_6/tmp/280_IMG-20240723-WA0001.mfc[1898,1967]
280_IMG-20240723-WA0001_fp_logo.27.mfc=/cygdrive/c/rps/tmp/tmp_6/tmp/280_IMG-20240723-WA0001.mfc[1971,2040]
280_IMG-20240723-WA0001_fp_logo.28.mfc=/cygdrive/c/rps/tmp/tmp_6/tmp/280_IMG-20240723-WA0001.mfc[2044,2113]
280_IMG-20240723-WA0001_fp_logo.29.mfc=/cygdrive/c/rps/tmp/tmp_6/tmp/280_IMG-20240723-WA0001.mfc[2117,2186]
280_IMG-20240723-WA0001_fp_screen.30.mfc=/cygdrive/c/rps/tmp/tmp_6/tmp/280_IMG-20240723-WA0001.mfc[2190,2259]
280_IMG-20240723-WA0001_fp_screen.31.mfc=/cygdrive/c/rps/tmp/tmp_6/tmp/280_IMG-20240723-WA0001.mfc[2263,2332]
280_IMG-20240723-WA0001_fp_screen.32.mfc=/cygdrive/c/rps/tmp/tmp_6/tmp/280_IMG-20240723-WA0001.mfc[2336,2405]
280_IMG-20240723-WA0001_fp_screen.33.mfc=/cygdrive/c/rps/tmp/tmp_6/tmp/280_IMG-20240723-WA0001.mfc[2409,2478]
280_IMG-20240723-WA0001_fp_screen.34.mfc=/cygdrive/c/rps/tmp/tmp_6/tmp/280_IMG-20240723-WA0001.mfc[2482,2551]
280_IMG-20240723-WA0001_fp_screen.35.mfc=/cygdrive/c/rps/tmp/tmp_6/tmp/280_IMG-20240723-WA0001.mfc[2555,2624]
280_IMG-20240723-WA0001_fp_screen.36.mfc=/cygdrive/c/rps/tmp/tmp_6/tmp/280_IMG-20240723-WA0001.mfc[2628,2697]
280_IMG-20240723-WA0001_fp_screen.37.mfc=/cygdrive/c/rps/tmp/tmp_6/tmp/280_IMG-20240723-WA0001.mfc[2701,2770]
280_IMG-20240723-WA0001_fp_screen.38.mfc=/cygdrive/c/rps/tmp/tmp_6/tmp/280_IMG-20240723-WA0001.mfc[2774,2843]
280_IMG-20240723-WA0001_fp_screen.39.mfc=/cygdrive/c/rps/tmp/tmp_6/tmp/280_IMG-20240723-WA0001.mfc[2847,2916]
280_IMG-20240723-WA0001_fp_screen.40.mfc=/cygdrive/c/rps/tmp/tmp_6/tmp/280_IMG-20240723-WA0001.mfc[2920,2989]
280_IMG-20240723-WA0001_fp_screen.41.mfc=/cygdrive/c/rps/tmp/tmp_6/tmp/280_IMG-20240723-WA0001.mfc[2993,3062]
280_IMG-20240723-WA0001_fp_screen.42.mfc=/cygdrive/c/rps/tmp/tmp_6/tmp/280_IMG-20240723-WA0001.mfc[3066,3135]
280_IMG-20240723-WA0001_fp_screen.43.mfc=/cygdrive/c/rps/tmp/tmp_6/tmp/280_IMG-20240723-WA0001.mfc[3139,3208]
280_IMG-20240723-WA0001_fp_screen.44.mfc=/cygdrive/c/rps/tmp/tmp_6/tmp/280_IMG-20240723-WA0001.mfc[3212,3281]
280_IMG-20240723-WA0001_fp_screen.45.mfc=/cygdrive/c/rps/tmp/tmp_6/tmp/280_IMG-20240723-WA0001.mfc[3285,3354]
280_IMG-20240723-WA0001_fp_screen.46.mfc=/cygdrive/c/rps/tmp/tmp_6/tmp/280_IMG-20240723-WA0001.mfc[3358,3427]
280_IMG-20240723-WA0001_fp_screen.47.mfc=/cygdrive/c/rps/tmp/tmp_6/tmp/280_IMG-20240723-WA0001.mfc[3431,3500]
280_IMG-20240723-WA0001_fp_screen.48.mfc=/cygdrive/c/rps/tmp/tmp_6/tmp/280_IMG-20240723-WA0001.mfc[3504,3573]
280_IMG-20240723-WA0001_fp_screen.49.mfc=/cygdrive/c/rps/tmp/tmp_6/tmp/280_IMG-20240723-WA0001.mfc[3577,3646]
280_IMG-20240723-WA0001_fp_screen.50.mfc=/cygdrive/c/rps/tmp/tmp_6/tmp/280_IMG-20240723-WA0001.mfc[3650,3719]
280_IMG-20240723-WA0001_fp_screen.51.mfc=/cygdrive/c/rps/tmp/tmp_6/tmp/280_IMG-20240723-WA0001.mfc[3723,3792]
280_IMG-20240723-WA0001_fp_screen.52.mfc=/cygdrive/c/rps/tmp/tmp_6/tmp/280_IMG-20240723-WA0001.mfc[3796,3865]
280_IMG-20240723-WA0001_fp_screen.53.mfc=/cygdrive/c/rps/tmp/tmp_6/tmp/280_IMG-20240723-WA0001.mfc[3869,3938]
280_IMG-20240723-WA0001_fp_screen.54.mfc=/cygdrive/c/rps/tmp/tmp_6/tmp/280_IMG-20240723-WA0001.mfc[3942,4011]
280_IMG-20240723-WA0001_fp_screen.55.mfc=/cygdrive/c/rps/tmp/tmp_6/tmp/280_IMG-20240723-WA0001.mfc[4015,4084]
280_IMG-20240723-WA0001_fp_screen.56.mfc=/cygdrive/c/rps/tmp/tmp_6/tmp/280_IMG-20240723-WA0001.mfc[4088,4157]
280_IMG-20240723-WA0001_fp_screen.57.mfc=/cygdrive/c/rps/tmp/tmp_6/tmp/280_IMG-20240723-WA0001.mfc[4161,4230]
280_IMG-20240723-WA0001_fp_screen.58.mfc=/cygdrive/c/rps/tmp/tmp_6/tmp/280_IMG-20240723-WA0001.mfc[4234,4303]
280_IMG-20240723-WA0001_fp_screen.59.mfc=/cygdrive/c/rps/tmp/tmp_6/tmp/280_IMG-20240723-WA0001.mfc[4307,4376]
280_IMG-20240723-WA0001_fp_screen.60.mfc=/cygdrive/c/rps/tmp/tmp_6/tmp/280_IMG-20240723-WA0001.mfc[4380,4449]
280_IMG-20240723-WA0001_fp_screen.61.mfc=/cygdrive/c/rps/tmp/tmp_6/tmp/280_IMG-20240723-WA0001.mfc[4453,4522]
280_IMG-20240723-WA0001_fp_screen.62.mfc=/cygdrive/c/rps/tmp/tmp_6/tmp/280_IMG-20240723-WA0001.mfc[4526,4595]
280_IMG-20240723-WA0001_fp_key.63.mfc=/cygdrive/c/rps/tmp/tmp_6/tmp/280_IMG-20240723-WA0001.mfc[4599,4668]
280_IMG-20240723-WA0001_fp_key.64.mfc=/cygdrive/c/rps/tmp/tmp_6/tmp/280_IMG-20240723-WA0001.mfc[4672,4741]
280_IMG-20240723-WA0001_fp_key.65.mfc=/cygdrive/c/rps/tmp/tmp_6/tmp/280_IMG-20240723-WA0001.mfc[4745,4814]
280_IMG-20240723-WA0001_fp_key.66.mfc=/cygdrive/c/rps/tmp/tmp_6/tmp/280_IMG-20240723-WA0001.mfc[4818,4887]
280_IMG-20240723-WA0001_fp_key.67.mfc=/cygdrive/c/rps/tmp/tmp_6/tmp/280_IMG-20240723-WA0001.mfc[4891,4960]
280_IMG-20240723-WA0001_fp_key.68.mfc=/cygdrive/c/rps/tmp/tmp_6/tmp/280_IMG-20240723-WA0001.mfc[4964,5033]
280_IMG-20240723-WA0001_fp_key.69.mfc=/cygdrive/c/rps/tmp/tmp_6/tmp/280_IMG-20240723-WA0001.mfc[5037,5106]
280_IMG-20240723-WA0001_fp_key.70.mfc=/cygdrive/c/rps/tmp/tmp_6/tmp/280_IMG-20240723-WA0001.mfc[5110,5179]
280_IMG-20240723-WA0001_fp_key.71.mfc=/cygdrive/c/rps/tmp/tmp_6/tmp/280_IMG-20240723-WA0001.mfc[5183,5252]
280_IMG-20240723-WA0001_fp_key.72.mfc=/cygdrive/c/rps/tmp/tmp_6/tmp/280_IMG-20240723-WA0001.mfc[5256,5325]
280_IMG-20240723-WA0001_fp_key.73.mfc=/cygdrive/c/rps/tmp/tmp_6/tmp/280_IMG-20240723-WA0001.mfc[5329,5398]
280_IMG-20240723-WA0001_fp_key.74.mfc=/cygdrive/c/rps/tmp/tmp_6/tmp/280_IMG-20240723-WA0001.mfc[5402,5471]
280_IMG-20240723-WA0001_fp_key.75.mfc=/cygdrive/c/rps/tmp/tmp_6/tmp/280_IMG-20240723-WA0001.mfc[5475,5544]
280_IMG-20240723-WA0001_fp_key.76.mfc=/cygdrive/c/rps/tmp/tmp_6/tmp/280_IMG-20240723-WA0001.mfc[5548,5617]
280_IMG-20240723-WA0001_fp_key.77.mfc=/cygdrive/c/rps/tmp/tmp_6/tmp/280_IMG-20240723-WA0001.mfc[5621,5690]
280_IMG-20240723-WA0001_fp_key.78.mfc=/cygdrive/c/rps/tmp/tmp_6/tmp/280_IMG-20240723-WA0001.mfc[5694,5763]
280_IMG-20240723-WA0001_fp_key.79.mfc=/cygdrive/c/rps/tmp/tmp_6/tmp/280_IMG-20240723-WA0001.mfc[5767,5836]
280_IMG-20240723-WA0001_fp_key.80.mfc=/cygdrive/c/rps/tmp/tmp_6/tmp/280_IMG-20240723-WA0001.mfc[5840,5909]
280_IMG-20240723-WA0001_fp_key.81.mfc=/cygdrive/c/rps/tmp/tmp_6/tmp/280_IMG-20240723-WA0001.mfc[5913,5982]
280_IMG-20240723-WA0001_fp_key.82.mfc=/cygdrive/c/rps/tmp/tmp_6/tmp/280_IMG-20240723-WA0001.mfc[5986,6055]
280_IMG-20240723-WA0001_fp_key.83.mfc=/cygdrive/c/rps/tmp/tmp_6/tmp/280_IMG-20240723-WA0001.mfc[6059,6128]
280_IMG-20240723-WA0001_fp_key.84.mfc=/cygdrive/c/rps/tmp/tmp_6/tmp/280_IMG-20240723-WA0001.mfc[6132,6201]
280_IMG-20240723-WA0001_fp_key.85.mfc=/cygdrive/c/rps/tmp/tmp_6/tmp/280_IMG-20240723-WA0001.mfc[6205,6274]
280_IMG-20240723-WA0001_fp_key.86.mfc=/cygdrive/c/rps/tmp/tmp_6/tmp/280_IMG-20240723-WA0001.mfc[6278,6347]
280_IMG-20240723-WA0001_fp_key.87.mfc=/cygdrive/c/rps/tmp/tmp_6/tmp/280_IMG-20240723-WA0001.mfc[6351,6420]
280_IMG-20240723-WA0001_fp_key.88.mfc=/cygdrive/c/rps/tmp/tmp_6/tmp/280_IMG-20240723-WA0001.mfc[6424,6493]
280_IMG-20240723-WA0001_fp_key.89.mfc=/cygdrive/c/rps/tmp/tmp_6/tmp/280_IMG-20240723-WA0001.mfc[6497,6566]
280_IMG-20240723-WA0001_fp_key.90.mfc=/cygdrive/c/rps/tmp/tmp_6/tmp/280_IMG-20240723-WA0001.mfc[6570,6639]
280_IMG-20240723-WA0001_fp_key.91.mfc=/cygdrive/c/rps/tmp/tmp_6/tmp/280_IMG-20240723-WA0001.mfc[6643,6712]
280_IMG-20240723-WA0001_fp_key.92.mfc=/cygdrive/c/rps/tmp/tmp_6/tmp/280_IMG-20240723-WA0001.mfc[6716,6785]
280_IMG-20240723-WA0001_fp_key.93.mfc=/cygdrive/c/rps/tmp/tmp_6/tmp/280_IMG-20240723-WA0001.mfc[6789,6858]
280_IMG-20240723-WA0001_fp_key.94.mfc=/cygdrive/c/rps/tmp/tmp_6/tmp/280_IMG-20240723-WA0001.mfc[6862,6931]
280_IMG-20240723-WA0001_fp_key.95.mfc=/cygdrive/c/rps/tmp/tmp_6/tmp/280_IMG-20240723-WA0001.mfc[6935,7004]
280_IMG-20240723-WA0001_fp_key.96.mfc=/cygdrive/c/rps/tmp/tmp_6/tmp/280_IMG-20240723-WA0001.mfc[7008,7077]
280_IMG-20240723-WA0001_fp_key.97.mfc=/cygdrive/c/rps/tmp/tmp_6/tmp/280_IMG-20240723-WA0001.mfc[7081,7150]
280_IMG-20240723-WA0001_fp_key.98.mfc=/cygdrive/c/rps/tmp/tmp_6/tmp/280_IMG-20240723-WA0001.mfc[7154,7223]
280_IMG-20240723-WA0001_fp_key.99.mfc=/cygdrive/c/rps/tmp/tmp_6/tmp/280_IMG-20240723-WA0001.mfc[7227,7296]
280_IMG-20240723-WA0001_bg_board.100.mfc=/cygdrive/c/rps/tmp/tmp_6/tmp/280_IMG-20240723-WA0001.mfc[7300,7369]
280_IMG-20240723-WA0001_bg_board.101.mfc=/cygdrive/c/rps/tmp/tmp_6/tmp/280_IMG-20240723-WA0001.mfc[7373,7442]
280_IMG-20240723-WA0001_bg_board.102.mfc=/cygdrive/c/rps/tmp/tmp_6/tmp/280_IMG-20240723-WA0001.mfc[7446,7515]
280_IMG-20240723-WA0001_bg_board.103.mfc=/cygdrive/c/rps/tmp/tmp_6/tmp/280_IMG-20240723-WA0001.mfc[7519,7588]
280_IMG-20240723-WA0001_bg_board.104.mfc=/cygdrive/c/rps/tmp/tmp_6/tmp/280_IMG-20240723-WA0001.mfc[7592,7661]
280_IMG-20240723-WA0001_bg_board.105.mfc=/cygdrive/c/rps/tmp/tmp_6/tmp/280_IMG-20240723-WA0001.mfc[7665,7734]
280_IMG-20240723-WA0001_bg_board.106.mfc=/cygdrive/c/rps/tmp/tmp_6/tmp/280_IMG-20240723-WA0001.mfc[7738,7807]
280_IMG-20240723-WA0001_bg_board.107.mfc=/cygdrive/c/rps/tmp/tmp_6/tmp/280_IMG-20240723-WA0001.mfc[7811,7880]
280_IMG-20240723-WA0001_bg_board.108.mfc=/cygdrive/c/rps/tmp/tmp_6/tmp/280_IMG-20240723-WA0001.mfc[7884,7953]
280_IMG-20240723-WA0001_bg_board.109.mfc=/cygdrive/c/rps/tmp/tmp_6/tmp/280_IMG-20240723-WA0001.mfc[7957,8026]
280_IMG-20240723-WA0001_bg_board.110.mfc=/cygdrive/c/rps/tmp/tmp_6/tmp/280_IMG-20240723-WA0001.mfc[8030,8099]
280_IMG-20240723-WA0001_bg_board.111.mfc=/cygdrive/c/rps/tmp/tmp_6/tmp/280_IMG-20240723-WA0001.mfc[8103,8172]
280_IMG-20240723-WA0001_bg_board.112.mfc=/cygdrive/c/rps/tmp/tmp_6/tmp/280_IMG-20240723-WA0001.mfc[8176,8245]
280_IMG-20240723-WA0001_bg_board.113.mfc=/cygdrive/c/rps/tmp/tmp_6/tmp/280_IMG-20240723-WA0001.mfc[8249,8318]
280_IMG-20240723-WA0001_bg_board.114.mfc=/cygdrive/c/rps/tmp/tmp_6/tmp/280_IMG-20240723-WA0001.mfc[8322,8391]
280_IMG-20240723-WA0001_bg_board.115.mfc=/cygdrive/c/rps/tmp/tmp_6/tmp/280_IMG-20240723-WA0001.mfc[8395,8464]
280_IMG-20240723-WA0001_bg_board.116.mfc=/cygdrive/c/rps/tmp/tmp_6/tmp/280_IMG-20240723-WA0001.mfc[8468,8537]
280_IMG-20240723-WA0001_bg_board.117.mfc=/cygdrive/c/rps/tmp/tmp_6/tmp/280_IMG-20240723-WA0001.mfc[8541,8610]
280_IMG-20240723-WA0001_bg_board.118.mfc=/cygdrive/c/rps/tmp/tmp_6/tmp/280_IMG-20240723-WA0001.mfc[8614,8683]
280_IMG-20240723-WA0001_bg_board.119.mfc=/cygdrive/c/rps/tmp/tmp_6/tmp/280_IMG-20240723-WA0001.mfc[8687,8756]
280_IMG-20240723-WA0001_bg_board.120.mfc=/cygdrive/c/rps/tmp/tmp_6/tmp/280_IMG-20240723-WA0001.mfc[8760,8829]
280_IMG-20240723-WA0001_bg_board.121.mfc=/cygdrive/c/rps/tmp/tmp_6/tmp/280_IMG-20240723-WA0001.mfc[8833,8902]
280_IMG-20240723-WA0001_bg_board.122.mfc=/cygdrive/c/rps/tmp/tmp_6/tmp/280_IMG-20240723-WA0001.mfc[8906,8975]
280_IMG-20240723-WA0001_bg_board.123.mfc=/cygdrive/c/rps/tmp/tmp_6/tmp/280_IMG-20240723-WA0001.mfc[8979,9048]
280_IMG-20240723-WA0001_bg_board.124.mfc=/cygdrive/c/rps/tmp/tmp_6/tmp/280_IMG-20240723-WA0001.mfc[9052,9121]
